src/infrastructure/services/AIService.ts(29,20): error TS2304: Cannot find name 'GoogleGenAI'.
src/infrastructure/services/ApiErrorHandler.ts(10,5): error TS2459: Module '"../../domain/interfaces/IApiErrorHandler"' declares 'TimeRange' locally, but it is not exported.
src/infrastructure/services/BrowserCompatibilityService.ts(125,13): error TS2322: Type 'Promise<boolean>' is not assignable to type 'boolean'.
src/infrastructure/services/BrowserCompatibilityService.ts(126,13): error TS2322: Type 'Promise<boolean>' is not assignable to type 'boolean'.
src/infrastructure/services/dynamicImports.ts(97,22): error TS2352: Conversion of type 'typeof import("C:/Users/iyas/Desktop/exam portal/clone/Dawa-college-exam-portal/node_modules/@google/genai/dist/genai")' to type 'AILibrary' may be a mistake because neither type sufficiently overlaps with the other. If this was intentional, convert the expression to 'unknown' first.
  Property 'GoogleGenerativeAI' is missing in type 'typeof import("C:/Users/iyas/Desktop/exam portal/clone/Dawa-college-exam-portal/node_modules/@google/genai/dist/genai")' but required in type 'AILibrary'.
src/infrastructure/services/ProgressiveEnhancementService.ts(293,30): error TS2339: Property 'classList' does not exist on type 'never'.
src/infrastructure/services/ProgressiveEnhancementService.ts(296,30): error TS2339: Property 'classList' does not exist on type 'never'.
src/presentation/components/AccessibleNavigation.tsx(240,25): error TS2322: Type '(el: HTMLButtonElement) => HTMLButtonElement' is not assignable to type 'Ref<HTMLButtonElement>'.
  Type '(el: HTMLButtonElement) => HTMLButtonElement' is not assignable to type '(instance: HTMLButtonElement) => void | (() => VoidOrUndefinedOnly)'.
    Type 'HTMLButtonElement' is not assignable to type 'void | (() => VoidOrUndefinedOnly)'.
src/presentation/utils/accessibility.ts(459,13): error TS2353: Object literal may only specify known properties, and ''aria-modal'' does not exist in type 'AriaAttributes'.
src/presentation/utils/routeBasedSplitting.tsx(119,16): error TS2307: Cannot find module '../../components/Dashboard' or its corresponding type declarations.
src/presentation/utils/routeBasedSplitting.tsx(120,16): error TS2307: Cannot find module '../../components/FacultyEntry' or its corresponding type declarations.
src/presentation/utils/routeBasedSplitting.tsx(121,16): error TS2307: Cannot find module '../../components/Management' or its corresponding type declarations.
src/presentation/utils/routeBasedSplitting.tsx(129,16): error TS2307: Cannot find module '../../components/PublicPortal' or its corresponding type declarations.
src/presentation/utils/routeBasedSplitting.tsx(130,16): error TS2307: Cannot find module '../../components/ClassResults' or its corresponding type declarations.
src/presentation/utils/routeBasedSplitting.tsx(131,16): error TS2307: Cannot find module '../../components/StudentScorecard' or its corresponding type declarations.
src/presentation/utils/routeBasedSplitting.tsx(139,16): error TS2307: Cannot find module '../../components/ClassResults' or its corresponding type declarations.
src/presentation/utils/routeBasedSplitting.tsx(140,16): error TS2307: Cannot find module '../../components/StudentScorecard' or its corresponding type declarations.
src/presentation/utils/routeBasedSplitting.tsx(150,33): error TS2307: Cannot find module '../../components/Dashboard' or its corresponding type declarations.
src/presentation/utils/routeBasedSplitting.tsx(157,33): error TS2307: Cannot find module '../../components/FacultyEntry' or its corresponding type declarations.
src/presentation/utils/routeBasedSplitting.tsx(164,33): error TS2307: Cannot find module '../../components/Management' or its corresponding type declarations.
src/presentation/utils/routeBasedSplitting.tsx(171,33): error TS2307: Cannot find module '../../components/PublicPortal' or its corresponding type declarations.
src/presentation/utils/routeBasedSplitting.tsx(178,33): error TS2307: Cannot find module '../../components/ClassResults' or its corresponding type declarations.
src/presentation/utils/routeBasedSplitting.tsx(185,33): error TS2307: Cannot find module '../../components/StudentScorecard' or its corresponding type declarations.
tests/integration/ReportingWorkflow.test.ts(93,17): error TS2352: Conversion of type '{ id: string; name: string; arabicName: string; isApplicableToClass: (className: string) => className is "S1"; getMaxTotal: () => number; }' to type 'Subject' may be a mistake because neither type sufficiently overlaps with the other. If this was intentional, convert the expression to 'unknown' first.
  Type '{ id: string; name: string; arabicName: string; isApplicableToClass: (className: string) => className is "S1"; getMaxTotal: () => number; }' is missing the following properties from type 'Subject': maxINT, maxEXT, passingTotal, facultyName, and 9 more.
tests/integration/ReportingWorkflow.test.ts(100,17): error TS2352: Conversion of type '{ id: string; name: string; arabicName: string; isApplicableToClass: (className: string) => className is "S1"; getMaxTotal: () => number; }' to type 'Subject' may be a mistake because neither type sufficiently overlaps with the other. If this was intentional, convert the expression to 'unknown' first.
  Type '{ id: string; name: string; arabicName: string; isApplicableToClass: (className: string) => className is "S1"; getMaxTotal: () => number; }' is missing the following properties from type 'Subject': maxINT, maxEXT, passingTotal, facultyName, and 9 more.
tests/integration/ReportingWorkflow.test.ts(189,17): error TS2352: Conversion of type '{ id: string; name: string; arabicName: string; isApplicableToClass: () => true; getMaxTotal: () => number; }' to type 'Subject' may be a mistake because neither type sufficiently overlaps with the other. If this was intentional, convert the expression to 'unknown' first.
  Type '{ id: string; name: string; arabicName: string; isApplicableToClass: () => true; getMaxTotal: () => number; }' is missing the following properties from type 'Subject': maxINT, maxEXT, passingTotal, facultyName, and 9 more.
tests/integration/ReportingWorkflow.test.ts(196,17): error TS2352: Conversion of type '{ id: string; name: string; arabicName: string; isApplicableToClass: () => true; getMaxTotal: () => number; }' to type 'Subject' may be a mistake because neither type sufficiently overlaps with the other. If this was intentional, convert the expression to 'unknown' first.
  Type '{ id: string; name: string; arabicName: string; isApplicableToClass: () => true; getMaxTotal: () => number; }' is missing the following properties from type 'Subject': maxINT, maxEXT, passingTotal, facultyName, and 9 more.
tests/integration/ReportingWorkflow.test.ts(203,17): error TS2352: Conversion of type '{ id: string; name: string; arabicName: string; isApplicableToClass: () => true; getMaxTotal: () => number; }' to type 'Subject' may be a mistake because neither type sufficiently overlaps with the other. If this was intentional, convert the expression to 'unknown' first.
  Type '{ id: string; name: string; arabicName: string; isApplicableToClass: () => true; getMaxTotal: () => number; }' is missing the following properties from type 'Subject': maxINT, maxEXT, passingTotal, facultyName, and 9 more.
tests/integration/ReportingWorkflow.test.ts(354,17): error TS2352: Conversion of type '{ id: string; name: string; isApplicableToClass: () => true; }' to type 'Subject' may be a mistake because neither type sufficiently overlaps with the other. If this was intentional, convert the expression to 'unknown' first.
  Type '{ id: string; name: string; isApplicableToClass: () => true; }' is missing the following properties from type 'Subject': arabicName, maxINT, maxEXT, passingTotal, and 11 more.
tests/integration/ReportingWorkflow.test.ts(359,17): error TS2352: Conversion of type '{ id: string; name: string; isApplicableToClass: (className: string) => className is "S1"; }' to type 'Subject' may be a mistake because neither type sufficiently overlaps with the other. If this was intentional, convert the expression to 'unknown' first.
  Type '{ id: string; name: string; isApplicableToClass: (className: string) => className is "S1"; }' is missing the following properties from type 'Subject': arabicName, maxINT, maxEXT, passingTotal, and 11 more.
tests/integration/ReportingWorkflow.test.ts(472,17): error TS2352: Conversion of type '{ id: string; name: string; isApplicableToClass: () => true; getMaxTotal: () => number; }' to type 'Subject' may be a mistake because neither type sufficiently overlaps with the other. If this was intentional, convert the expression to 'unknown' first.
  Type '{ id: string; name: string; isApplicableToClass: () => true; getMaxTotal: () => number; }' is missing the following properties from type 'Subject': arabicName, maxINT, maxEXT, passingTotal, and 10 more.
tests/integration/ReportingWorkflow.test.ts(524,17): error TS2352: Conversion of type '{ id: string; name: string; isApplicableToClass: () => true; }' to type 'Subject' may be a mistake because neither type sufficiently overlaps with the other. If this was intentional, convert the expression to 'unknown' first.
  Type '{ id: string; name: string; isApplicableToClass: () => true; }' is missing the following properties from type 'Subject': arabicName, maxINT, maxEXT, passingTotal, and 11 more.
tests/integration/StudentWorkflow.test.ts(15,9): error TS2322: Type '{ save: jest.Mock<any, any, any>; findById: jest.Mock<any, any, any>; findByAdmissionNumber: jest.Mock<any, any, any>; findByClass: jest.Mock<any, any, any>; ... 5 more ...; calculateClassRankings: jest.Mock<...>; }' is not assignable to type 'Mocked<IStudentRepository>'.
  Type '{ save: Mock<any, any, any>; findById: Mock<any, any, any>; findByAdmissionNumber: Mock<any, any, any>; findByClass: Mock<any, any, any>; findAll: Mock<any, any, any>; ... 4 more ...; calculateClassRankings: Mock<...>; }' is missing the following properties from type '{ findById: MockInstance<Promise<Student>, [id: string], unknown>; findByAdmissionNumber: MockInstance<Promise<Student>, [adNo: string], unknown>; ... 11 more ...; subscribe: MockInstance<...>; }': update, clearSubjectMarks, bulkExport, subscribe
tests/integration/StudentWorkflow.test.ts(28,9): error TS2322: Type '{ findById: jest.Mock<any, any, any>; findAll: jest.Mock<any, any, any>; save: jest.Mock<any, any, any>; delete: jest.Mock<any, any, any>; findByClass: jest.Mock<...>; getEnrolledStudents: jest.Mock<...>; }' is not assignable to type 'Mocked<ISubjectRepository>'.
  Type '{ findById: Mock<any, any, any>; findAll: Mock<any, any, any>; save: Mock<any, any, any>; delete: Mock<any, any, any>; findByClass: Mock<any, any, any>; getEnrolledStudents: Mock<...>; }' is missing the following properties from type '{ findById: MockInstance<Promise<Subject>, [id: string], unknown>; findByClass: MockInstance<Promise<Subject[]>, [className: string], unknown>; ... 7 more ...; subscribe: MockInstance<...>; }': update, enrollStudent, unenrollStudent, subscribe
tests/integration/StudentWorkflow.test.ts(44,33): error TS2352: Conversion of type '{ id: string; name: string; maxTA: number; maxCE: number; passingTotal: number; isPassingScore: (ta: number, ce: number) => boolean; getMaxTotal: () => number; isApplicableToClass: (className: string) => className is "S1"; }' to type 'Subject' may be a mistake because neither type sufficiently overlaps with the other. If this was intentional, convert the expression to 'unknown' first.
  Type '{ id: string; name: string; maxTA: number; maxCE: number; passingTotal: number; isPassingScore: (ta: number, ce: number) => boolean; getMaxTotal: () => number; isApplicableToClass: (className: string) => className is "S1"; }' is missing the following properties from type 'Subject': arabicName, maxINT, maxEXT, facultyName, and 8 more.
tests/integration/StudentWorkflow.test.ts(55,36): error TS2352: Conversion of type '{ id: string; name: string; maxTA: number; maxCE: number; passingTotal: number; isPassingScore: (ta: number, ce: number) => boolean; getMaxTotal: () => number; isApplicableToClass: (className: string) => className is "S1"; }' to type 'Subject' may be a mistake because neither type sufficiently overlaps with the other. If this was intentional, convert the expression to 'unknown' first.
  Type '{ id: string; name: string; maxTA: number; maxCE: number; passingTotal: number; isPassingScore: (ta: number, ce: number) => boolean; getMaxTotal: () => number; isApplicableToClass: (className: string) => className is "S1"; }' is missing the following properties from type 'Subject': arabicName, maxINT, maxEXT, facultyName, and 8 more.
tests/integration/StudentWorkflow.test.ts(149,17): error TS2352: Conversion of type '{ id: string; name: string; isApplicableToClass: (className: string) => className is "S1"; getMaxTotal: () => number; }' to type 'Subject' may be a mistake because neither type sufficiently overlaps with the other. If this was intentional, convert the expression to 'unknown' first.
  Type '{ id: string; name: string; isApplicableToClass: (className: string) => className is "S1"; getMaxTotal: () => number; }' is missing the following properties from type 'Subject': arabicName, maxINT, maxEXT, passingTotal, and 10 more.
tests/integration/StudentWorkflow.test.ts(155,17): error TS2352: Conversion of type '{ id: string; name: string; isApplicableToClass: (className: string) => className is "S1"; getMaxTotal: () => number; }' to type 'Subject' may be a mistake because neither type sufficiently overlaps with the other. If this was intentional, convert the expression to 'unknown' first.
  Type '{ id: string; name: string; isApplicableToClass: (className: string) => className is "S1"; getMaxTotal: () => number; }' is missing the following properties from type 'Subject': arabicName, maxINT, maxEXT, passingTotal, and 10 more.
tests/integration/StudentWorkflow.test.ts(161,17): error TS2352: Conversion of type '{ id: string; name: string; isApplicableToClass: (className: string) => className is "S1"; getMaxTotal: () => number; }' to type 'Subject' may be a mistake because neither type sufficiently overlaps with the other. If this was intentional, convert the expression to 'unknown' first.
  Type '{ id: string; name: string; isApplicableToClass: (className: string) => className is "S1"; getMaxTotal: () => number; }' is missing the following properties from type 'Subject': arabicName, maxINT, maxEXT, passingTotal, and 10 more.
tests/integration/StudentWorkflow.test.ts(302,29): error TS2352: Conversion of type '{ id: string; name: string; maxTA: number; maxCE: number; }' to type 'Subject' may be a mistake because neither type sufficiently overlaps with the other. If this was intentional, convert the expression to 'unknown' first.
  Type '{ id: string; name: string; maxTA: number; maxCE: number; }' is missing the following properties from type 'Subject': arabicName, maxINT, maxEXT, passingTotal, and 12 more.
tests/performance/performance-regression.spec.ts(47,24): error TS2339: Property 'FCP' does not exist on type 'unknown'.
tests/performance/performance-regression.spec.ts(48,24): error TS2339: Property 'LCP' does not exist on type 'unknown'.
tests/performance/performance-regression.spec.ts(146,50): error TS2345: Argument of type '{ viewport: { width: number; height: number; }; userAgent: string; exposeBinding?: { (name: string, playwrightBinding: (source: BindingSource, arg: JSHandle) => any, options: { handle: true; }): Promise<void>; (name: string, playwrightBinding: (source: BindingSource, ...args: any[]) => any, options?: { handle?: bool...' is not assignable to parameter of type 'BrowserContextOptions'.
  Types of property 'serviceWorkers' are incompatible.
    Type '() => Worker[]' is not assignable to type '"block" | "allow"'.
tests/performance/performance-regression.spec.ts(222,41): error TS2339: Property 'timing' does not exist on type 'Response'.
tests/performance/performance-regression.spec.ts(249,41): error TS2339: Property 'timing' does not exist on type 'Response'.
tests/performance/performance-regression.spec.ts(320,41): error TS2339: Property 'timing' does not exist on type 'Response'.
tests/unit/domain/usecases/StudentUseCases.test.ts(12,9): error TS2322: Type '{ save: jest.Mock<any, any, any>; findById: jest.Mock<any, any, any>; findByAdmissionNumber: jest.Mock<any, any, any>; findByClass: jest.Mock<any, any, any>; ... 5 more ...; calculateClassRankings: jest.Mock<...>; }' is not assignable to type 'Mocked<IStudentRepository>'.
  Type '{ save: Mock<any, any, any>; findById: Mock<any, any, any>; findByAdmissionNumber: Mock<any, any, any>; findByClass: Mock<any, any, any>; findAll: Mock<any, any, any>; ... 4 more ...; calculateClassRankings: Mock<...>; }' is missing the following properties from type '{ findById: MockInstance<Promise<Student>, [id: string], unknown>; findByAdmissionNumber: MockInstance<Promise<Student>, [adNo: string], unknown>; ... 11 more ...; subscribe: MockInstance<...>; }': update, clearSubjectMarks, bulkExport, subscribe
tests/unit/domain/usecases/StudentUseCases.test.ts(25,9): error TS2322: Type '{ findById: jest.Mock<any, any, any>; findAll: jest.Mock<any, any, any>; save: jest.Mock<any, any, any>; delete: jest.Mock<any, any, any>; findByClass: jest.Mock<...>; getEnrolledStudents: jest.Mock<...>; }' is not assignable to type 'Mocked<ISubjectRepository>'.
  Type '{ findById: Mock<any, any, any>; findAll: Mock<any, any, any>; save: Mock<any, any, any>; delete: Mock<any, any, any>; findByClass: Mock<any, any, any>; getEnrolledStudents: Mock<...>; }' is missing the following properties from type '{ findById: MockInstance<Promise<Subject>, [id: string], unknown>; findByClass: MockInstance<Promise<Subject[]>, [className: string], unknown>; ... 7 more ...; subscribe: MockInstance<...>; }': update, enrollStudent, unenrollStudent, subscribe
